Microchip MPLAB XC8 Compiler V2.35

Linker command line:

-W-3 --edf=C:\Program Files\Microchip\xc8\v2.35\pic\dat\en_msgs.txt -cn \
  -h+dist/default/production\Laboratorio07.X.production.sym \
  --cmf=dist/default/production\Laboratorio07.X.production.cmf -z -Q16F887 \
  -oC:\Users\pjcaa\AppData\Local\Temp\xcAsios.4 --defsym=__MPLAB_BUILD=1 \
  -Mdist/default/production/Laboratorio07.X.production.map \
  --md=C:\Users\pjcaa\AppData\Local\Temp\xcAsios.dat -E1 -ver=XC8 Compiler \
  --acfsm=1493 -ACODE=00h-07FFhx4 -ASTRCODE=00h-01FFFh -ASTRING=00h-0FFhx32 \
  -ACONST=00h-0FFhx32 -AENTRY=00h-0FFhx32 -ACOMMON=070h-07Fh \
  -ABANK0=020h-06Fh -ABANK1=0A0h-0EFh -ABANK2=0110h-016Fh \
  -ABANK3=0190h-01EFh -ARAM=020h-06Fh,0A0h-0EFh,0110h-016Fh,0190h-01EFh \
  -AABS1=020h-07Fh,0A0h-0EFh,0110h-016Fh,0190h-01EFh -ASFR0=00h-01Fh \
  -ASFR1=080h-09Fh -ASFR2=0100h-010Fh -ASFR3=0180h-018Fh \
  -ACONFIG=02007h-02008h -DCONFIG=2 -AIDLOC=02000h-02003h -DIDLOC=2 \
  -AEEDATA=00h-0FFh/02100h -peeprom_data=EEDATA -DEEDATA=2 -DCODE=2 \
  -DSTRCODE=2 -DSTRING=2 -DCONST=2 -DENTRY=2 \
  -preset_vec=00h,intentry=04h,init,end_init -ppowerup=CODE -pcinit=CODE \
  -pfunctab=ENTRY -k C:\Users\pjcaa\AppData\Local\Temp\xcAsios.o \
  dist/default/production\Laboratorio07.X.production.o 

Object code version is 3.11

Machine type is 16F887



                Name                               Link     Load   Length Selector   Space Scale
C:\Users\pjcaa\AppData\Local\Temp\xcAsios.o
                end_init                              E        E        3        8       0
                reset_vec                             0        0        3        0       0
                config                             2007     2007        2        0       4
                idloc                              2000     2000        4        0       5
dist/default/production\Laboratorio07.X.production.o
                cinit                                11       11       12        8       0
                intentry                              4        4        A        8       0
                config                             2007     2007        2        0       4
                idloc                              2000     2000        4        0       5
                text7                               118      118       5B        8       0
                text6                               173      173       53        8       0
                text5                               1C6      1C6       3A        8       0
                text4                                AF       AF       69        8       0
                text3                               22F      22F       27        8       0
                text2                                23       23       8C        8       0
                text1                               200      200       2F        8       0
                maintext                            256      256       1A        8       0
                cstackBANK0                          20       20       16       20       1
                cstackCOMMON                         70       70        B       70       1
                dataBANK0                            3D       3D        1       20       1
                bssBANK0                             36       36        7       20       1
                bssCOMMON                            7B       7B        1       70       1
                idataBANK0                          270      270        1        8       0

TOTAL           Name                               Link     Load   Length     Space
        CLASS   CODE           
                end_init                              E        E        3         0
                cinit                                11       11       12         0
                intentry                              4        4        A         0
                reset_vec                             0        0        3         0
                text7                               118      118       5B         0
                text6                               173      173       53         0
                text5                               1C6      1C6       3A         0
                text4                                AF       AF       69         0
                text3                               22F      22F       27         0
                text2                                23       23       8C         0
                text1                               200      200       2F         0
                maintext                            256      256       1A         0
                idataBANK0                          270      270        1         0

        CLASS   STRCODE        

        CLASS   STRING         

        CLASS   CONST          

        CLASS   ENTRY          

        CLASS   COMMON         
                cstackCOMMON                         70       70        B         1
                bssCOMMON                            7B       7B        1         1

        CLASS   BANK0          
                cstackBANK0                          20       20       16         1
                dataBANK0                            3D       3D        1         1
                bssBANK0                             36       36        7         1

        CLASS   BANK1          

        CLASS   BANK2          

        CLASS   BANK3          

        CLASS   RAM            

        CLASS   ABS1           
                abs_s1                               7E       7E        2         1

        CLASS   SFR0           

        CLASS   SFR1           

        CLASS   SFR2           

        CLASS   SFR3           

        CLASS   CONFIG         
                config                             2007     2007        2         4

        CLASS   IDLOC          
                idloc                              2000     2000        4         5

        CLASS   EEDATA         

        CLASS   STACK          



SEGMENTS        Name                           Load    Length   Top    Selector   Space  Class     Delta

                reset_vec                      000000  000003  000003         0       0  CODE        2
                intentry                       000004  00026D  000271         8       0  CODE        2
                cstackBANK0                    000020  00001E  00003E        20       1  BANK0       1
                cstackCOMMON                   000070  00000C  00007C        70       1  COMMON      1


UNUSED ADDRESS RANGES

        Name                Unused          Largest block    Delta
        BANK0            003E-006F             32           1
        BANK1            00A0-00EF             50           1
        BANK2            0110-016F             60           1
        BANK3            0190-01EF             60           1
        CODE             0003-0003              1           2
                         0271-1FFF            800
        COMMON           007C-007D              2           1
        CONST            0003-0003              1           2
                         0271-1FFF            100
        EEDATA           2100-21FF            100           2
        ENTRY            0003-0003              1           2
                         0271-1FFF            100
        RAM              003E-006F             32           1
                         00A0-00EF             50
                         0110-016F             60
                         0190-01EF             60
        SFR0             0000-001F             20           1
        SFR1             0080-009F             20           1
        SFR2             0100-010F             10           1
        SFR3             0180-018F             10           1
        STRCODE          0003-0003              1           2
                         0271-1FFF           1D8F
        STRING           0003-0003              1           2
                         0271-1FFF            100

                                  Symbol Table

?___awdiv                cstackBANK0  0026
?___wmul                 cstackBANK0  0020
_ANSEL                   (abs)        0188
_ANSELH                  (abs)        0189
_Bandera_multiplexado    bssCOMMON    007B
_INTCONbits              (abs)        000B
_IOCBbits                (abs)        0096
_OPTION_REGbits          (abs)        0081
_OSCCONbits              (abs)        008F
_PORTA                   (abs)        0005
_PORTB                   (abs)        0006
_PORTBbits               (abs)        0006
_PORTC                   (abs)        0007
_PORTD                   (abs)        0008
_PORTDbits               (abs)        0008
_TMR0                    (abs)        0001
_TRISA                   (abs)        0085
_TRISB                   (abs)        0086
_TRISC                   (abs)        0087
_TRISD                   (abs)        0088
_WPUBbits                (abs)        0095
__Habs1                  abs1         0000
__Hbank0                 bank0        0000
__Hbank1                 bank1        0000
__Hbank2                 bank2        0000
__Hbank3                 bank3        0000
__HbssBANK0              bssBANK0     0000
__HbssCOMMON             bssCOMMON    0000
__Hcinit                 cinit        0023
__Hclrtext               clrtext      0000
__Hcode                  code         0000
__Hcommon                common       0000
__Hconfig                config       2009
__HcstackBANK0           cstackBANK0  0000
__HcstackCOMMON          cstackCOMMON 0000
__HdataBANK0             dataBANK0    0000
__Heeprom_data           eeprom_data  0000
__Hend_init              end_init     0011
__Hfunctab               functab      0000
__HidataBANK0            idataBANK0   0000
__Hidloc                 idloc        2004
__Hinit                  init         000E
__Hintentry              intentry     000E
__Hmaintext              maintext     0000
__Hpowerup               powerup      0000
__Hram                   ram          0000
__Hreset_vec             reset_vec    0003
__Hsfr0                  sfr0         0000
__Hsfr1                  sfr1         0000
__Hsfr2                  sfr2         0000
__Hsfr3                  sfr3         0000
__Hspace_0               (abs)        0271
__Hspace_1               (abs)        007C
__Hspace_2               (abs)        0000
__Hspace_3               (abs)        0000
__Hspace_4               (abs)        4010
__Hstack                 stack        0000
__Hstrings               strings      0000
__Htext                  text         0000
__Labs1                  abs1         0000
__Lbank0                 bank0        0000
__Lbank1                 bank1        0000
__Lbank2                 bank2        0000
__Lbank3                 bank3        0000
__LbssBANK0              bssBANK0     0000
__LbssCOMMON             bssCOMMON    0000
__Lcinit                 cinit        0011
__Lclrtext               clrtext      0000
__Lcode                  code         0000
__Lcommon                common       0000
__Lconfig                config       0000
__LcstackBANK0           cstackBANK0  0000
__LcstackCOMMON          cstackCOMMON 0000
__LdataBANK0             dataBANK0    0000
__Leeprom_data           eeprom_data  0000
__Lend_init              end_init     000E
__Lfunctab               functab      0000
__LidataBANK0            idataBANK0   0000
__Lidloc                 idloc        0000
__Linit                  init         000E
__Lintentry              intentry     0004
__Lmaintext              maintext     0000
__Lpowerup               powerup      0000
__Lram                   ram          0000
__Lreset_vec             reset_vec    0000
__Lsfr0                  sfr0         0000
__Lsfr1                  sfr1         0000
__Lsfr2                  sfr2         0000
__Lsfr3                  sfr3         0000
__Lspace_0               (abs)        0000
__Lspace_1               (abs)        0000
__Lspace_2               (abs)        0000
__Lspace_3               (abs)        0000
__Lspace_4               (abs)        0000
__Lstack                 stack        0000
__Lstrings               strings      0000
__Ltext                  text         0000
__S0                     (abs)        0271
__S1                     (abs)        007C
__S3                     (abs)        0000
___awdiv                 text4        00AF
___awdiv@counter         cstackBANK0  002B
___awdiv@dividend        cstackBANK0  0028
___awdiv@divisor         cstackBANK0  0026
___awdiv@quotient        cstackBANK0  002D
___awdiv@sign            cstackBANK0  002C
___int_sp                stack        0000
___latbits               (abs)        0002
___sp                    stack        0000
___stackhi               (abs)        0000
___stacklo               (abs)        0000
___wmul                  text3        022F
___wmul@multiplicand     cstackBANK0  0022
___wmul@multiplier       cstackBANK0  0020
___wmul@product          cstackBANK0  0024
__end_of___awdiv         text4        0118
__end_of___wmul          text3        0256
__end_of__initialization cinit        001F
__end_of_isr             text5        0200
__end_of_main            maintext     0270
__end_of_mostrar         text6        01C6
__end_of_separacion      text2        00AF
__end_of_setup           text1        022F
__end_of_tabla           text7        0173
__initialization         cinit        0011
__pbssBANK0              bssBANK0     0036
__pbssCOMMON             bssCOMMON    007B
__pcstackBANK0           cstackBANK0  0020
__pcstackCOMMON          cstackCOMMON 0070
__pdataBANK0             dataBANK0    003D
__pidataBANK0            idataBANK0   0270
__pintentry              intentry     0004
__pmaintext              maintext     0256
__ptext1                 text1        0200
__ptext2                 text2        0023
__ptext3                 text3        022F
__ptext4                 text4        00AF
__ptext5                 text5        01C6
__ptext6                 text6        0173
__ptext7                 text7        0118
_contador                bssBANK0     0036
_isr                     text5        01C6
_main                    maintext     0256
_mostrar                 text6        0173
_num                     bssBANK0     0037
_separacion              text2        0023
_setup                   text1        0200
_tabla                   text7        0118
btemp                    (abs)        007E
end_of_initialization    cinit        001F
interrupt_function       intentry     0004
intlevel0                functab      0000
intlevel1                functab      0000
intlevel2                functab      0000
intlevel3                functab      0000
intlevel4                functab      0000
intlevel5                functab      0000
mostrar@num              cstackCOMMON 0076
reset_vec                reset_vec    0000
saved_w                  (abs)        007E
separacion@a             cstackBANK0  0034
separacion@num           cstackBANK0  002F
start                    init         000E
start_initialization     cinit        0011
tabla@numero             cstackCOMMON 0070
tabla@valor              cstackCOMMON 0073
wtemp0                   (abs)        007E


MODULE INFORMATION

Module		Function		Class		Link	Load	Size
C:\Program Files\Microchip\xc8\v2.35\pic\sources\c90\common\awdiv.c
		___awdiv       		CODE           	00AF	0000	105

C:\Program Files\Microchip\xc8\v2.35\pic\sources\c90\common\awdiv.c estimated size: 105

shared
		__initialization		CODE           	0011	0000	14

shared estimated size: 14

setup.c
		_setup         		CODE           	0200	0000	47

setup.c estimated size: 47

C:\Program Files\Microchip\xc8\v2.35\pic\sources\c90\common\Umul16.c
		___wmul        		CODE           	022F	0000	39

C:\Program Files\Microchip\xc8\v2.35\pic\sources\c90\common\Umul16.c estimated size: 39

main.c
		_main          		CODE           	0256	0000	26
		_isr           		CODE           	01C6	0000	58
		_tabla         		CODE           	0118	0000	91
		_separacion    		CODE           	0023	0000	140
		_mostrar       		CODE           	0173	0000	83

main.c estimated size: 398

